3-125099falsetrue99truefalse99truefalse99truetruefalse99falsetrue99falsetruetrue