Cannot access private function something.hi in scope something from object test
