ConstructorFoo.constructor.int.bool.char.float not found
